// Jest Snapshot v1, https://goo.gl/fbAQLP

exports[`<AppRouter /> should to display the approuter component 1`] = `
<div>
  <nav
    className="navbar navbar-expand-lg navbar-dark bg-dark"
  >
    <a
      className=""
      href="/"
      onClick={[Function]}
    >
      <p
        className="text-white"
      >
        UseContext
      </p>
    </a>
    <div
      className="collapse navbar-collapse ml-5"
      id="navbarNavAltMarkup"
    >
      <div
        className="navbar-nav"
      >
        <a
          aria-current="page"
          className="nav-link active"
          href="/"
          onClick={[Function]}
          style={Object {}}
        >
          Home
        </a>
        <a
          aria-current={null}
          className="nav-link"
          href="/login"
          onClick={[Function]}
        >
          Login
        </a>
        <a
          aria-current={null}
          className="nav-link"
          href="/about"
          onClick={[Function]}
        >
          About
        </a>
      </div>
    </div>
  </nav>
  <div
    className="container my-5"
  >
    <pre>
      homescreen 
      {
   "user": {
      "name": "Jes√∫s",
      "email": "jacv00@hotmail.com"
   }
}
    </pre>
  </div>
</div>
`;
