// Jest Snapshot v1, https://goo.gl/fbAQLP

exports[`<HomeScreen /> display the component 1`] = `
Array [
  <div
    className="container my-5"
  >
    <pre>
      homescreen 
      {
   "user": {
      "name": "Jes√∫s",
      "email": "jacv00@hotmail.com"
   }
}
    </pre>
  </div>,
  ");",
]
`;
