// Jest Snapshot v1, https://goo.gl/fbAQLP

exports[`RealExampleRef testing should the return the snapshot 1`] = `
<Fragment>
  <h2>
    Real Example Ref
  </h2>
  <hr />
  <button
    className="btn btn-primary mt-5"
    onClick={[Function]}
  >
    Ocultar/mostrar
  </button>
</Fragment>
`;
