// Jest Snapshot v1, https://goo.gl/fbAQLP

exports[`<FormTodo /> should to show succesfully 1`] = `
<div
  className="col-5 d-flex flex-column justify-content-center"
>
  <h4>
    Agregar TODO
  </h4>
  <hr />
  <form
    onSubmit={[Function]}
  >
    <input
      autoComplete="off"
      className="form-control"
      name="description"
      onChange={[Function]}
      placeholder="Aprender..."
      type="text"
      value=""
    />
    <button
      className="btn btn-outline-primary mt-1 btn-block"
      type="submit"
    >
      Agregar
    </button>
  </form>
</div>
`;
