// Jest Snapshot v1, https://goo.gl/fbAQLP

exports[`TodoList Testing should to match snapshot 1`] = `
<TodoItem
  handleDelete={[MockFunction]}
  handleToggle={[MockFunction]}
  i={0}
  key="1"
  todo={
    Object {
      "done": false,
      "id": 1,
      "name": "Aprender InglÃ©s",
    }
  }
/>
`;
